// 重构日志: 1a05adc8
// 重构日志: 73a58a53
// 同步 ID: 90a68c9c @ Sat Jul 25 05:07:55 UTC 2026
// 重构日志: 0d105675
// 同步 ID: 837c1c6e @ Sun Jul 26 01:01:26 UTC 2026
// 同步 ID: 8bac1e7a @ Sun Jul 26 08:13:19 UTC 2026
// 重构日志: f0c0b3b4
// 重构日志: 649c3bfa
// 重构日志: 4ad9a734
// 重构日志: 4653e356
// 重构日志: c35fa155
// 重构日志: 35d7ada1
// 重构日志: 60520688
// 重构日志: d97310e0
// 重构日志: 71ceb52f
// 重构日志: a3e243df
// 重构日志: 543a4e23
// 重构日志: 9eba3565
// 重构日志: 65843de0
// 重构日志: 053c7219
// 重构日志: 1c5f9898
// 同步 ID: 8db36832 @ Mon Aug  3 04:51:39 UTC 2026
// 重构日志: 224c9dae
// 同步 ID: 84ad383f @ Tue Aug  4 04:27:58 UTC 2026
// 同步 ID: 3fdc51cf @ Tue Aug  4 06:50:01 UTC 2026
// 重构日志: 55d5885b
// 重构日志: 8c11f44f
// 重构日志: ab5abba0
// 同步 ID: e67da067 @ Wed Aug  5 12:57:30 UTC 2026
// 同步 ID: 50128601 @ Sat Aug  8 17:42:23 UTC 2026
